Archive member included to satisfy reference by file (symbol)

c:/avr-gcc-10.1.0-x64-windows/bin/../lib/gcc/avr/10.1.0/avr5\libgcc.a(_exit.o)
                              c:/avr-gcc-10.1.0-x64-windows/bin/../lib/gcc/avr/10.1.0/../../../../avr/lib/avr5/crtatmega328.o (exit)
c:/avr-gcc-10.1.0-x64-windows/bin/../lib/gcc/avr/10.1.0/avr5\libgcc.a(_copy_data.o)
                              obj\Debug\ETC.o (__do_copy_data)
c:/avr-gcc-10.1.0-x64-windows/bin/../lib/gcc/avr/10.1.0/avr5\libgcc.a(_clear_bss.o)
                              obj\Debug\ETC.o (__do_clear_bss)
C:\avr-gcc-10.1.0-x64-windows\avr\lib\libm.a(addsf3.o)
                              obj\Debug\ETC.o (__addsf3)
C:\avr-gcc-10.1.0-x64-windows\avr\lib\libm.a(addsf3x.o)
                              C:\avr-gcc-10.1.0-x64-windows\avr\lib\libm.a(addsf3.o) (__addsf3x)
C:\avr-gcc-10.1.0-x64-windows\avr\lib\libm.a(cmpsf2.o)
                              obj\Debug\ADC.o (__ltsf2)
C:\avr-gcc-10.1.0-x64-windows\avr\lib\libm.a(divsf3.o)
                              obj\Debug\ADC.o (__divsf3)
C:\avr-gcc-10.1.0-x64-windows\avr\lib\libm.a(divsf3x.o)
                              C:\avr-gcc-10.1.0-x64-windows\avr\lib\libm.a(divsf3.o) (__divsf3x)
C:\avr-gcc-10.1.0-x64-windows\avr\lib\libm.a(fixunssfsi.o)
                              obj\Debug\ADC.o (__fixunssfsi)
C:\avr-gcc-10.1.0-x64-windows\avr\lib\libm.a(floatsisf.o)
                              obj\Debug\ETC.o (__floatsisf)
C:\avr-gcc-10.1.0-x64-windows\avr\lib\libm.a(fp_cmp.o)
                              C:\avr-gcc-10.1.0-x64-windows\avr\lib\libm.a(cmpsf2.o) (__fp_cmp)
C:\avr-gcc-10.1.0-x64-windows\avr\lib\libm.a(fp_inf.o)
                              C:\avr-gcc-10.1.0-x64-windows\avr\lib\libm.a(addsf3x.o) (__fp_inf)
C:\avr-gcc-10.1.0-x64-windows\avr\lib\libm.a(fp_nan.o)
                              C:\avr-gcc-10.1.0-x64-windows\avr\lib\libm.a(addsf3x.o) (__fp_nan)
C:\avr-gcc-10.1.0-x64-windows\avr\lib\libm.a(fp_pscA.o)
                              C:\avr-gcc-10.1.0-x64-windows\avr\lib\libm.a(addsf3x.o) (__fp_pscA)
C:\avr-gcc-10.1.0-x64-windows\avr\lib\libm.a(fp_pscB.o)
                              C:\avr-gcc-10.1.0-x64-windows\avr\lib\libm.a(addsf3x.o) (__fp_pscB)
C:\avr-gcc-10.1.0-x64-windows\avr\lib\libm.a(fp_round.o)
                              C:\avr-gcc-10.1.0-x64-windows\avr\lib\libm.a(addsf3.o) (__fp_round)
C:\avr-gcc-10.1.0-x64-windows\avr\lib\libm.a(fp_split3.o)
                              C:\avr-gcc-10.1.0-x64-windows\avr\lib\libm.a(addsf3x.o) (__fp_split3)
C:\avr-gcc-10.1.0-x64-windows\avr\lib\libm.a(fp_zero.o)
                              C:\avr-gcc-10.1.0-x64-windows\avr\lib\libm.a(addsf3x.o) (__fp_zero)
C:\avr-gcc-10.1.0-x64-windows\avr\lib\libm.a(gesf2.o)
                              obj\Debug\ADC.o (__gtsf2)
C:\avr-gcc-10.1.0-x64-windows\avr\lib\libm.a(mulsf3.o)
                              obj\Debug\ADC.o (__mulsf3)
C:\avr-gcc-10.1.0-x64-windows\avr\lib\libm.a(mulsf3x.o)
                              C:\avr-gcc-10.1.0-x64-windows\avr\lib\libm.a(mulsf3.o) (__mulsf3x)
C:\avr-gcc-10.1.0-x64-windows\avr\lib\libc.a(strcmp.o)
                              obj\Debug\GPIO.o (strcmp)

Memory Configuration

Name             Origin             Length             Attributes
text             0x0000000000000000 0x0000000000020000 xr
data             0x0000000000800060 0x000000000000ffa0 rw !x
eeprom           0x0000000000810000 0x0000000000010000 rw !x
fuse             0x0000000000820000 0x0000000000000003 rw !x
lock             0x0000000000830000 0x0000000000000400 rw !x
signature        0x0000000000840000 0x0000000000000400 rw !x
user_signatures  0x0000000000850000 0x0000000000000400 rw !x
*default*        0x0000000000000000 0xffffffffffffffff

Linker script and memory map

Address of section .data set to 0x800100
LOAD c:/avr-gcc-10.1.0-x64-windows/bin/../lib/gcc/avr/10.1.0/../../../../avr/lib/avr5/crtatmega328.o
LOAD obj\Debug\ADC.o
LOAD obj\Debug\ETC.o
LOAD obj\Debug\fuse.o
LOAD obj\Debug\GPIO.o
LOAD obj\Debug\main.o
LOAD obj\Debug\PWM.o
START GROUP
LOAD c:/avr-gcc-10.1.0-x64-windows/bin/../lib/gcc/avr/10.1.0/avr5\libgcc.a
LOAD C:\avr-gcc-10.1.0-x64-windows\avr\lib\libm.a
LOAD C:\avr-gcc-10.1.0-x64-windows\avr\lib\libc.a
LOAD c:/avr-gcc-10.1.0-x64-windows/bin/../lib/gcc/avr/10.1.0/../../../../avr/lib/avr5\libatmega328.a
END GROUP
                0x0000000000020000                __TEXT_REGION_LENGTH__ = DEFINED (__TEXT_REGION_LENGTH__)?__TEXT_REGION_LENGTH__:0x20000
                0x000000000000ffa0                __DATA_REGION_LENGTH__ = DEFINED (__DATA_REGION_LENGTH__)?__DATA_REGION_LENGTH__:0xffa0
                0x0000000000010000                __EEPROM_REGION_LENGTH__ = DEFINED (__EEPROM_REGION_LENGTH__)?__EEPROM_REGION_LENGTH__:0x10000
                [0x0000000000000003]                __FUSE_REGION_LENGTH__ = DEFINED (__FUSE_REGION_LENGTH__)?__FUSE_REGION_LENGTH__:0x400
                0x0000000000000400                __LOCK_REGION_LENGTH__ = DEFINED (__LOCK_REGION_LENGTH__)?__LOCK_REGION_LENGTH__:0x400
                0x0000000000000400                __SIGNATURE_REGION_LENGTH__ = DEFINED (__SIGNATURE_REGION_LENGTH__)?__SIGNATURE_REGION_LENGTH__:0x400
                0x0000000000000400                __USER_SIGNATURE_REGION_LENGTH__ = DEFINED (__USER_SIGNATURE_REGION_LENGTH__)?__USER_SIGNATURE_REGION_LENGTH__:0x400

.hash
 *(.hash)

.dynsym
 *(.dynsym)

.dynstr
 *(.dynstr)

.gnu.version
 *(.gnu.version)

.gnu.version_d
 *(.gnu.version_d)

.gnu.version_r
 *(.gnu.version_r)

.rel.init
 *(.rel.init)

.rela.init
 *(.rela.init)

.rel.text
 *(.rel.text)
 *(.rel.text.*)
 *(.rel.gnu.linkonce.t*)

.rela.text
 *(.rela.text)
 *(.rela.text.*)
 *(.rela.gnu.linkonce.t*)

.rel.fini
 *(.rel.fini)

.rela.fini
 *(.rela.fini)

.rel.rodata
 *(.rel.rodata)
 *(.rel.rodata.*)
 *(.rel.gnu.linkonce.r*)

.rela.rodata
 *(.rela.rodata)
 *(.rela.rodata.*)
 *(.rela.gnu.linkonce.r*)

.rel.data
 *(.rel.data)
 *(.rel.data.*)
 *(.rel.gnu.linkonce.d*)

.rela.data
 *(.rela.data)
 *(.rela.data.*)
 *(.rela.gnu.linkonce.d*)

.rel.ctors
 *(.rel.ctors)

.rela.ctors
 *(.rela.ctors)

.rel.dtors
 *(.rel.dtors)

.rela.dtors
 *(.rela.dtors)

.rel.got
 *(.rel.got)

.rela.got
 *(.rela.got)

.rel.bss
 *(.rel.bss)

.rela.bss
 *(.rela.bss)

.rel.plt
 *(.rel.plt)

.rela.plt
 *(.rela.plt)

.text           0x0000000000000000     0x17b6
 *(.vectors)
 .vectors       0x0000000000000000       0x68 c:/avr-gcc-10.1.0-x64-windows/bin/../lib/gcc/avr/10.1.0/../../../../avr/lib/avr5/crtatmega328.o
                0x0000000000000000                __vector_default
                0x0000000000000000                __vectors
 *(.vectors)
 *(.progmem.gcc*)
                0x0000000000000068                . = ALIGN (0x2)
                0x0000000000000068                __trampolines_start = .
 *(.trampolines)
 .trampolines   0x0000000000000068        0x0 linker stubs
 *(.trampolines*)
                0x0000000000000068                __trampolines_end = .
 *libprintf_flt.a:*(.progmem.data)
 *libc.a:*(.progmem.data)
 *(.progmem.*)
                0x0000000000000068                . = ALIGN (0x2)
 *(.lowtext)
 *(.lowtext*)
                0x0000000000000068                __ctors_start = .
 *(.ctors)
                0x0000000000000068                __ctors_end = .
                0x0000000000000068                __dtors_start = .
 *(.dtors)
                0x0000000000000068                __dtors_end = .
 SORT_BY_NAME(*)(.ctors)
 SORT_BY_NAME(*)(.dtors)
 *(.init0)
 .init0         0x0000000000000068        0x0 c:/avr-gcc-10.1.0-x64-windows/bin/../lib/gcc/avr/10.1.0/../../../../avr/lib/avr5/crtatmega328.o
                0x0000000000000068                __init
 *(.init0)
 *(.init1)
 *(.init1)
 *(.init2)
 .init2         0x0000000000000068        0xc c:/avr-gcc-10.1.0-x64-windows/bin/../lib/gcc/avr/10.1.0/../../../../avr/lib/avr5/crtatmega328.o
 *(.init2)
 *(.init3)
 *(.init3)
 *(.init4)
 .init4         0x0000000000000074       0x16 c:/avr-gcc-10.1.0-x64-windows/bin/../lib/gcc/avr/10.1.0/avr5\libgcc.a(_copy_data.o)
                0x0000000000000074                __do_copy_data
 .init4         0x000000000000008a       0x10 c:/avr-gcc-10.1.0-x64-windows/bin/../lib/gcc/avr/10.1.0/avr5\libgcc.a(_clear_bss.o)
                0x000000000000008a                __do_clear_bss
 *(.init4)
 *(.init5)
 *(.init5)
 *(.init6)
 *(.init6)
 *(.init7)
 *(.init7)
 *(.init8)
 *(.init8)
 *(.init9)
 .init9         0x000000000000009a        0x8 c:/avr-gcc-10.1.0-x64-windows/bin/../lib/gcc/avr/10.1.0/../../../../avr/lib/avr5/crtatmega328.o
 *(.init9)
 *(.text)
 .text          0x00000000000000a2        0x4 c:/avr-gcc-10.1.0-x64-windows/bin/../lib/gcc/avr/10.1.0/../../../../avr/lib/avr5/crtatmega328.o
                0x00000000000000a2                __vector_22
                0x00000000000000a2                __vector_1
                0x00000000000000a2                __vector_24
                0x00000000000000a2                __vector_12
                0x00000000000000a2                __bad_interrupt
                0x00000000000000a2                __vector_6
                0x00000000000000a2                __vector_3
                0x00000000000000a2                __vector_23
                0x00000000000000a2                __vector_25
                0x00000000000000a2                __vector_11
                0x00000000000000a2                __vector_13
                0x00000000000000a2                __vector_17
                0x00000000000000a2                __vector_19
                0x00000000000000a2                __vector_7
                0x00000000000000a2                __vector_5
                0x00000000000000a2                __vector_4
                0x00000000000000a2                __vector_9
                0x00000000000000a2                __vector_2
                0x00000000000000a2                __vector_21
                0x00000000000000a2                __vector_15
                0x00000000000000a2                __vector_8
                0x00000000000000a2                __vector_14
                0x00000000000000a2                __vector_10
                0x00000000000000a2                __vector_16
                0x00000000000000a2                __vector_18
                0x00000000000000a2                __vector_20
 .text          0x00000000000000a6      0x3b8 obj\Debug\ADC.o
                0x00000000000000a6                ADC_init
                0x00000000000000f2                ADC_enable
                0x0000000000000114                ADC_disable
                0x0000000000000136                ADC_Read
 .text          0x000000000000045e      0x2c6 obj\Debug\ETC.o
                0x000000000000045e                ETC_init
                0x00000000000004ce                ETC_off
                0x00000000000004f8                ETC_Limp
                0x0000000000000520                ETC_APS1
                0x0000000000000602                ETC_APS2
                0x00000000000006e4                Read_FLAGS
 .text          0x0000000000000724        0x0 obj\Debug\fuse.o
 .text          0x0000000000000724      0xae0 obj\Debug\GPIO.o
                0x0000000000000724                GPIOConfig
                0x0000000000000bc0                GPIOPinWrite
                0x0000000000000fde                GPIOPinRead
 .text          0x0000000000001204       0x98 obj\Debug\main.o
                0x0000000000001204                main
 .text          0x000000000000129c       0xb6 obj\Debug\PWM.o
                0x000000000000129c                PWM_init
                0x00000000000012ea                PWM_disable
                0x000000000000131e                PWM_enable
 .text          0x0000000000001352        0x0 c:/avr-gcc-10.1.0-x64-windows/bin/../lib/gcc/avr/10.1.0/avr5\libgcc.a(_exit.o)
 .text          0x0000000000001352        0x0 c:/avr-gcc-10.1.0-x64-windows/bin/../lib/gcc/avr/10.1.0/avr5\libgcc.a(_copy_data.o)
 .text          0x0000000000001352        0x0 c:/avr-gcc-10.1.0-x64-windows/bin/../lib/gcc/avr/10.1.0/avr5\libgcc.a(_clear_bss.o)
 .text          0x0000000000001352        0x0 C:\avr-gcc-10.1.0-x64-windows\avr\lib\libm.a(addsf3.o)
 .text          0x0000000000001352        0x0 C:\avr-gcc-10.1.0-x64-windows\avr\lib\libm.a(addsf3x.o)
 .text          0x0000000000001352        0x0 C:\avr-gcc-10.1.0-x64-windows\avr\lib\libm.a(cmpsf2.o)
 .text          0x0000000000001352        0x0 C:\avr-gcc-10.1.0-x64-windows\avr\lib\libm.a(divsf3.o)
 .text          0x0000000000001352        0x0 C:\avr-gcc-10.1.0-x64-windows\avr\lib\libm.a(divsf3x.o)
 .text          0x0000000000001352        0x0 C:\avr-gcc-10.1.0-x64-windows\avr\lib\libm.a(fixunssfsi.o)
 .text          0x0000000000001352        0x0 C:\avr-gcc-10.1.0-x64-windows\avr\lib\libm.a(floatsisf.o)
 .text          0x0000000000001352        0x0 C:\avr-gcc-10.1.0-x64-windows\avr\lib\libm.a(fp_cmp.o)
 .text          0x0000000000001352        0x0 C:\avr-gcc-10.1.0-x64-windows\avr\lib\libm.a(fp_inf.o)
 .text          0x0000000000001352        0x0 C:\avr-gcc-10.1.0-x64-windows\avr\lib\libm.a(fp_nan.o)
 .text          0x0000000000001352        0x0 C:\avr-gcc-10.1.0-x64-windows\avr\lib\libm.a(fp_pscA.o)
 .text          0x0000000000001352        0x0 C:\avr-gcc-10.1.0-x64-windows\avr\lib\libm.a(fp_pscB.o)
 .text          0x0000000000001352        0x0 C:\avr-gcc-10.1.0-x64-windows\avr\lib\libm.a(fp_round.o)
 .text          0x0000000000001352        0x0 C:\avr-gcc-10.1.0-x64-windows\avr\lib\libm.a(fp_split3.o)
 .text          0x0000000000001352        0x0 C:\avr-gcc-10.1.0-x64-windows\avr\lib\libm.a(fp_zero.o)
 .text          0x0000000000001352        0x0 C:\avr-gcc-10.1.0-x64-windows\avr\lib\libm.a(gesf2.o)
 .text          0x0000000000001352        0x0 C:\avr-gcc-10.1.0-x64-windows\avr\lib\libm.a(mulsf3.o)
 .text          0x0000000000001352        0x0 C:\avr-gcc-10.1.0-x64-windows\avr\lib\libm.a(mulsf3x.o)
 .text          0x0000000000001352        0x0 C:\avr-gcc-10.1.0-x64-windows\avr\lib\libc.a(strcmp.o)
                0x0000000000001352                . = ALIGN (0x2)
 *(.text.*)
 .text.libgcc.mul
                0x0000000000001352        0x0 c:/avr-gcc-10.1.0-x64-windows/bin/../lib/gcc/avr/10.1.0/avr5\libgcc.a(_exit.o)
 .text.libgcc.div
                0x0000000000001352        0x0 c:/avr-gcc-10.1.0-x64-windows/bin/../lib/gcc/avr/10.1.0/avr5\libgcc.a(_exit.o)
 .text.libgcc   0x0000000000001352        0x0 c:/avr-gcc-10.1.0-x64-windows/bin/../lib/gcc/avr/10.1.0/avr5\libgcc.a(_exit.o)
 .text.libgcc.prologue
                0x0000000000001352        0x0 c:/avr-gcc-10.1.0-x64-windows/bin/../lib/gcc/avr/10.1.0/avr5\libgcc.a(_exit.o)
 .text.libgcc.builtins
                0x0000000000001352        0x0 c:/avr-gcc-10.1.0-x64-windows/bin/../lib/gcc/avr/10.1.0/avr5\libgcc.a(_exit.o)
 .text.libgcc.fmul
                0x0000000000001352        0x0 c:/avr-gcc-10.1.0-x64-windows/bin/../lib/gcc/avr/10.1.0/avr5\libgcc.a(_exit.o)
 .text.libgcc.fixed
                0x0000000000001352        0x0 c:/avr-gcc-10.1.0-x64-windows/bin/../lib/gcc/avr/10.1.0/avr5\libgcc.a(_exit.o)
 .text.libgcc.mul
                0x0000000000001352        0x0 c:/avr-gcc-10.1.0-x64-windows/bin/../lib/gcc/avr/10.1.0/avr5\libgcc.a(_copy_data.o)
 .text.libgcc.div
                0x0000000000001352        0x0 c:/avr-gcc-10.1.0-x64-windows/bin/../lib/gcc/avr/10.1.0/avr5\libgcc.a(_copy_data.o)
 .text.libgcc   0x0000000000001352        0x0 c:/avr-gcc-10.1.0-x64-windows/bin/../lib/gcc/avr/10.1.0/avr5\libgcc.a(_copy_data.o)
 .text.libgcc.prologue
                0x0000000000001352        0x0 c:/avr-gcc-10.1.0-x64-windows/bin/../lib/gcc/avr/10.1.0/avr5\libgcc.a(_copy_data.o)
 .text.libgcc.builtins
                0x0000000000001352        0x0 c:/avr-gcc-10.1.0-x64-windows/bin/../lib/gcc/avr/10.1.0/avr5\libgcc.a(_copy_data.o)
 .text.libgcc.fmul
                0x0000000000001352        0x0 c:/avr-gcc-10.1.0-x64-windows/bin/../lib/gcc/avr/10.1.0/avr5\libgcc.a(_copy_data.o)
 .text.libgcc.fixed
                0x0000000000001352        0x0 c:/avr-gcc-10.1.0-x64-windows/bin/../lib/gcc/avr/10.1.0/avr5\libgcc.a(_copy_data.o)
 .text.libgcc.mul
                0x0000000000001352        0x0 c:/avr-gcc-10.1.0-x64-windows/bin/../lib/gcc/avr/10.1.0/avr5\libgcc.a(_clear_bss.o)
 .text.libgcc.div
                0x0000000000001352        0x0 c:/avr-gcc-10.1.0-x64-windows/bin/../lib/gcc/avr/10.1.0/avr5\libgcc.a(_clear_bss.o)
 .text.libgcc   0x0000000000001352        0x0 c:/avr-gcc-10.1.0-x64-windows/bin/../lib/gcc/avr/10.1.0/avr5\libgcc.a(_clear_bss.o)
 .text.libgcc.prologue
                0x0000000000001352        0x0 c:/avr-gcc-10.1.0-x64-windows/bin/../lib/gcc/avr/10.1.0/avr5\libgcc.a(_clear_bss.o)
 .text.libgcc.builtins
                0x0000000000001352        0x0 c:/avr-gcc-10.1.0-x64-windows/bin/../lib/gcc/avr/10.1.0/avr5\libgcc.a(_clear_bss.o)
 .text.libgcc.fmul
                0x0000000000001352        0x0 c:/avr-gcc-10.1.0-x64-windows/bin/../lib/gcc/avr/10.1.0/avr5\libgcc.a(_clear_bss.o)
 .text.libgcc.fixed
                0x0000000000001352        0x0 c:/avr-gcc-10.1.0-x64-windows/bin/../lib/gcc/avr/10.1.0/avr5\libgcc.a(_clear_bss.o)
 .text.avr-libc.fplib
                0x0000000000001352        0xa C:\avr-gcc-10.1.0-x64-windows\avr\lib\libm.a(addsf3.o)
                0x0000000000001352                __subsf3
                0x0000000000001354                __addsf3
 .text.avr-libc.fplib
                0x000000000000135c       0xca C:\avr-gcc-10.1.0-x64-windows\avr\lib\libm.a(addsf3x.o)
                0x0000000000001376                __addsf3x
 .text.avr-libc.fplib
                0x0000000000001426        0x8 C:\avr-gcc-10.1.0-x64-windows\avr\lib\libm.a(cmpsf2.o)
                0x0000000000001426                __nesf2
                0x0000000000001426                __eqsf2
                0x0000000000001426                __cmpsf2
                0x0000000000001426                __ltsf2
                0x0000000000001426                __lesf2
 .text.avr-libc.fplib
                0x000000000000142e        0x4 C:\avr-gcc-10.1.0-x64-windows\avr\lib\libm.a(divsf3.o)
                0x000000000000142e                __divsf3
 .text.avr-libc.fplib
                0x0000000000001432       0xce C:\avr-gcc-10.1.0-x64-windows\avr\lib\libm.a(divsf3x.o)
                0x0000000000001448                __divsf3x
                0x000000000000144c                __divsf3_pse
 .text.avr-libc.fplib
                0x0000000000001500       0x58 C:\avr-gcc-10.1.0-x64-windows\avr\lib\libm.a(fixunssfsi.o)
                0x0000000000001500                __fixunssfsi
 .text.avr-libc.fplib
                0x0000000000001558       0x7a C:\avr-gcc-10.1.0-x64-windows\avr\lib\libm.a(floatsisf.o)
                0x0000000000001558                __floatunsisf
                0x000000000000155c                __floatsisf
 .text.avr-libc.fplib
                0x00000000000015d2       0x48 C:\avr-gcc-10.1.0-x64-windows\avr\lib\libm.a(fp_cmp.o)
                0x00000000000015d2                __fp_cmp
 .text.avr-libc.fplib
                0x000000000000161a        0xc C:\avr-gcc-10.1.0-x64-windows\avr\lib\libm.a(fp_inf.o)
                0x000000000000161a                __fp_inf
 .text.avr-libc.fplib
                0x0000000000001626        0x6 C:\avr-gcc-10.1.0-x64-windows\avr\lib\libm.a(fp_nan.o)
                0x0000000000001626                __fp_nan
 .text.avr-libc.fplib
                0x000000000000162c        0xe C:\avr-gcc-10.1.0-x64-windows\avr\lib\libm.a(fp_pscA.o)
                0x000000000000162c                __fp_pscA
 .text.avr-libc.fplib
                0x000000000000163a        0xe C:\avr-gcc-10.1.0-x64-windows\avr\lib\libm.a(fp_pscB.o)
                0x000000000000163a                __fp_pscB
 .text.avr-libc.fplib
                0x0000000000001648       0x22 C:\avr-gcc-10.1.0-x64-windows\avr\lib\libm.a(fp_round.o)
                0x0000000000001648                __fp_round
 .text.avr-libc.fplib
                0x000000000000166a       0x44 C:\avr-gcc-10.1.0-x64-windows\avr\lib\libm.a(fp_split3.o)
                0x000000000000166a                __fp_split3
                0x000000000000167a                __fp_splitA
 .text.avr-libc.fplib
                0x00000000000016ae       0x10 C:\avr-gcc-10.1.0-x64-windows\avr\lib\libm.a(fp_zero.o)
                0x00000000000016ae                __fp_zero
                0x00000000000016b0                __fp_szero
 .text.avr-libc.fplib
                0x00000000000016be        0x8 C:\avr-gcc-10.1.0-x64-windows\avr\lib\libm.a(gesf2.o)
                0x00000000000016be                __gesf2
                0x00000000000016be                __gtsf2
 .text.avr-libc.fplib
                0x00000000000016c6        0x4 C:\avr-gcc-10.1.0-x64-windows\avr\lib\libm.a(mulsf3.o)
                0x00000000000016c6                __mulsf3
 .text.avr-libc.fplib
                0x00000000000016ca       0xd2 C:\avr-gcc-10.1.0-x64-windows\avr\lib\libm.a(mulsf3x.o)
                0x00000000000016dc                __mulsf3x
                0x00000000000016e0                __mulsf3_pse
 .text.avr-libc
                0x000000000000179c       0x16 C:\avr-gcc-10.1.0-x64-windows\avr\lib\libc.a(strcmp.o)
                0x000000000000179c                strcmp
                0x00000000000017b2                . = ALIGN (0x2)
 *(.fini9)
 .fini9         0x00000000000017b2        0x0 c:/avr-gcc-10.1.0-x64-windows/bin/../lib/gcc/avr/10.1.0/avr5\libgcc.a(_exit.o)
                0x00000000000017b2                _exit
                0x00000000000017b2                exit
 *(.fini9)
 *(.fini8)
 *(.fini8)
 *(.fini7)
 *(.fini7)
 *(.fini6)
 *(.fini6)
 *(.fini5)
 *(.fini5)
 *(.fini4)
 *(.fini4)
 *(.fini3)
 *(.fini3)
 *(.fini2)
 *(.fini2)
 *(.fini1)
 *(.fini1)
 *(.fini0)
 .fini0         0x00000000000017b2        0x4 c:/avr-gcc-10.1.0-x64-windows/bin/../lib/gcc/avr/10.1.0/avr5\libgcc.a(_exit.o)
 *(.fini0)
 *(.hightext)
 *(.hightext*)
 *(.progmemx.*)
                0x00000000000017b6                . = ALIGN (0x2)
 *(.jumptables)
 *(.jumptables*)
                0x00000000000017b6                _etext = .

.data           0x0000000000800100       0x74 load address 0x00000000000017b6
                0x0000000000800100                PROVIDE (__data_start = .)
 *(.data)
 .data          0x0000000000800100        0x0 c:/avr-gcc-10.1.0-x64-windows/bin/../lib/gcc/avr/10.1.0/../../../../avr/lib/avr5/crtatmega328.o
 .data          0x0000000000800100        0x0 obj\Debug\ADC.o
 .data          0x0000000000800100        0x0 obj\Debug\ETC.o
 .data          0x0000000000800100        0x0 obj\Debug\fuse.o
 .data          0x0000000000800100        0x0 obj\Debug\GPIO.o
 .data          0x0000000000800100        0x0 obj\Debug\main.o
 .data          0x0000000000800100        0x0 obj\Debug\PWM.o
 .data          0x0000000000800100        0x0 c:/avr-gcc-10.1.0-x64-windows/bin/../lib/gcc/avr/10.1.0/avr5\libgcc.a(_exit.o)
 .data          0x0000000000800100        0x0 c:/avr-gcc-10.1.0-x64-windows/bin/../lib/gcc/avr/10.1.0/avr5\libgcc.a(_copy_data.o)
 .data          0x0000000000800100        0x0 c:/avr-gcc-10.1.0-x64-windows/bin/../lib/gcc/avr/10.1.0/avr5\libgcc.a(_clear_bss.o)
 .data          0x0000000000800100        0x0 C:\avr-gcc-10.1.0-x64-windows\avr\lib\libm.a(addsf3.o)
 .data          0x0000000000800100        0x0 C:\avr-gcc-10.1.0-x64-windows\avr\lib\libm.a(addsf3x.o)
 .data          0x0000000000800100        0x0 C:\avr-gcc-10.1.0-x64-windows\avr\lib\libm.a(cmpsf2.o)
 .data          0x0000000000800100        0x0 C:\avr-gcc-10.1.0-x64-windows\avr\lib\libm.a(divsf3.o)
 .data          0x0000000000800100        0x0 C:\avr-gcc-10.1.0-x64-windows\avr\lib\libm.a(divsf3x.o)
 .data          0x0000000000800100        0x0 C:\avr-gcc-10.1.0-x64-windows\avr\lib\libm.a(fixunssfsi.o)
 .data          0x0000000000800100        0x0 C:\avr-gcc-10.1.0-x64-windows\avr\lib\libm.a(floatsisf.o)
 .data          0x0000000000800100        0x0 C:\avr-gcc-10.1.0-x64-windows\avr\lib\libm.a(fp_cmp.o)
 .data          0x0000000000800100        0x0 C:\avr-gcc-10.1.0-x64-windows\avr\lib\libm.a(fp_inf.o)
 .data          0x0000000000800100        0x0 C:\avr-gcc-10.1.0-x64-windows\avr\lib\libm.a(fp_nan.o)
 .data          0x0000000000800100        0x0 C:\avr-gcc-10.1.0-x64-windows\avr\lib\libm.a(fp_pscA.o)
 .data          0x0000000000800100        0x0 C:\avr-gcc-10.1.0-x64-windows\avr\lib\libm.a(fp_pscB.o)
 .data          0x0000000000800100        0x0 C:\avr-gcc-10.1.0-x64-windows\avr\lib\libm.a(fp_round.o)
 .data          0x0000000000800100        0x0 C:\avr-gcc-10.1.0-x64-windows\avr\lib\libm.a(fp_split3.o)
 .data          0x0000000000800100        0x0 C:\avr-gcc-10.1.0-x64-windows\avr\lib\libm.a(fp_zero.o)
 .data          0x0000000000800100        0x0 C:\avr-gcc-10.1.0-x64-windows\avr\lib\libm.a(gesf2.o)
 .data          0x0000000000800100        0x0 C:\avr-gcc-10.1.0-x64-windows\avr\lib\libm.a(mulsf3.o)
 .data          0x0000000000800100        0x0 C:\avr-gcc-10.1.0-x64-windows\avr\lib\libm.a(mulsf3x.o)
 .data          0x0000000000800100        0x0 C:\avr-gcc-10.1.0-x64-windows\avr\lib\libc.a(strcmp.o)
 *(.data*)
 *(.gnu.linkonce.d*)
 *(.rodata)
 .rodata        0x0000000000800100       0x18 obj\Debug\ETC.o
 .rodata        0x0000000000800118       0x5c obj\Debug\GPIO.o
 *(.rodata*)
 *(.gnu.linkonce.r*)
                0x0000000000800174                . = ALIGN (0x2)
                0x0000000000800174                _edata = .
                0x0000000000800174                PROVIDE (__data_end = .)

.bss            0x0000000000800174        0x4
                0x0000000000800174                PROVIDE (__bss_start = .)
 *(.bss)
 .bss           0x0000000000800174        0x0 c:/avr-gcc-10.1.0-x64-windows/bin/../lib/gcc/avr/10.1.0/../../../../avr/lib/avr5/crtatmega328.o
 .bss           0x0000000000800174        0x0 obj\Debug\ADC.o
 .bss           0x0000000000800174        0x4 obj\Debug\ETC.o
                0x0000000000800174                FLAG
 .bss           0x0000000000800178        0x0 obj\Debug\fuse.o
 .bss           0x0000000000800178        0x0 obj\Debug\GPIO.o
 .bss           0x0000000000800178        0x0 obj\Debug\main.o
 .bss           0x0000000000800178        0x0 obj\Debug\PWM.o
 .bss           0x0000000000800178        0x0 c:/avr-gcc-10.1.0-x64-windows/bin/../lib/gcc/avr/10.1.0/avr5\libgcc.a(_exit.o)
 .bss           0x0000000000800178        0x0 c:/avr-gcc-10.1.0-x64-windows/bin/../lib/gcc/avr/10.1.0/avr5\libgcc.a(_copy_data.o)
 .bss           0x0000000000800178        0x0 c:/avr-gcc-10.1.0-x64-windows/bin/../lib/gcc/avr/10.1.0/avr5\libgcc.a(_clear_bss.o)
 .bss           0x0000000000800178        0x0 C:\avr-gcc-10.1.0-x64-windows\avr\lib\libm.a(addsf3.o)
 .bss           0x0000000000800178        0x0 C:\avr-gcc-10.1.0-x64-windows\avr\lib\libm.a(addsf3x.o)
 .bss           0x0000000000800178        0x0 C:\avr-gcc-10.1.0-x64-windows\avr\lib\libm.a(cmpsf2.o)
 .bss           0x0000000000800178        0x0 C:\avr-gcc-10.1.0-x64-windows\avr\lib\libm.a(divsf3.o)
 .bss           0x0000000000800178        0x0 C:\avr-gcc-10.1.0-x64-windows\avr\lib\libm.a(divsf3x.o)
 .bss           0x0000000000800178        0x0 C:\avr-gcc-10.1.0-x64-windows\avr\lib\libm.a(fixunssfsi.o)
 .bss           0x0000000000800178        0x0 C:\avr-gcc-10.1.0-x64-windows\avr\lib\libm.a(floatsisf.o)
 .bss           0x0000000000800178        0x0 C:\avr-gcc-10.1.0-x64-windows\avr\lib\libm.a(fp_cmp.o)
 .bss           0x0000000000800178        0x0 C:\avr-gcc-10.1.0-x64-windows\avr\lib\libm.a(fp_inf.o)
 .bss           0x0000000000800178        0x0 C:\avr-gcc-10.1.0-x64-windows\avr\lib\libm.a(fp_nan.o)
 .bss           0x0000000000800178        0x0 C:\avr-gcc-10.1.0-x64-windows\avr\lib\libm.a(fp_pscA.o)
 .bss           0x0000000000800178        0x0 C:\avr-gcc-10.1.0-x64-windows\avr\lib\libm.a(fp_pscB.o)
 .bss           0x0000000000800178        0x0 C:\avr-gcc-10.1.0-x64-windows\avr\lib\libm.a(fp_round.o)
 .bss           0x0000000000800178        0x0 C:\avr-gcc-10.1.0-x64-windows\avr\lib\libm.a(fp_split3.o)
 .bss           0x0000000000800178        0x0 C:\avr-gcc-10.1.0-x64-windows\avr\lib\libm.a(fp_zero.o)
 .bss           0x0000000000800178        0x0 C:\avr-gcc-10.1.0-x64-windows\avr\lib\libm.a(gesf2.o)
 .bss           0x0000000000800178        0x0 C:\avr-gcc-10.1.0-x64-windows\avr\lib\libm.a(mulsf3.o)
 .bss           0x0000000000800178        0x0 C:\avr-gcc-10.1.0-x64-windows\avr\lib\libm.a(mulsf3x.o)
 .bss           0x0000000000800178        0x0 C:\avr-gcc-10.1.0-x64-windows\avr\lib\libc.a(strcmp.o)
 *(.bss*)
 *(COMMON)
                0x0000000000800178                PROVIDE (__bss_end = .)
                0x00000000000017b6                __data_load_start = LOADADDR (.data)
                0x000000000000182a                __data_load_end = (__data_load_start + SIZEOF (.data))

.noinit         0x0000000000800178        0x0
                [!provide]                        PROVIDE (__noinit_start = .)
 *(.noinit*)
                [!provide]                        PROVIDE (__noinit_end = .)
                0x0000000000800178                _end = .
                [!provide]                        PROVIDE (__heap_start = .)

.eeprom         0x0000000000810000        0x0
 *(.eeprom*)
                0x0000000000810000                __eeprom_end = .

.fuse           0x0000000000820000        0x3
 *(.fuse)
 .fuse          0x0000000000820000        0x3 obj\Debug\fuse.o
                0x0000000000820000                __fuse
 *(.lfuse)
 *(.hfuse)
 *(.efuse)

.lock
 *(.lock*)

.signature
 *(.signature*)

.stab
 *(.stab)

.stabstr
 *(.stabstr)

.stab.excl
 *(.stab.excl)

.stab.exclstr
 *(.stab.exclstr)

.stab.index
 *(.stab.index)

.stab.indexstr
 *(.stab.indexstr)

.comment        0x0000000000000000       0x12
 *(.comment)
 .comment       0x0000000000000000       0x12 obj\Debug\ADC.o
                                         0x13 (size before relaxing)
 .comment       0x0000000000000012       0x13 obj\Debug\ETC.o
 .comment       0x0000000000000012       0x13 obj\Debug\fuse.o
 .comment       0x0000000000000012       0x13 obj\Debug\GPIO.o
 .comment       0x0000000000000012       0x13 obj\Debug\main.o
 .comment       0x0000000000000012       0x13 obj\Debug\PWM.o

.note.gnu.avr.deviceinfo
                0x0000000000000000       0x3c
 .note.gnu.avr.deviceinfo
                0x0000000000000000       0x3c c:/avr-gcc-10.1.0-x64-windows/bin/../lib/gcc/avr/10.1.0/../../../../avr/lib/avr5/crtatmega328.o

.note.gnu.build-id
 *(.note.gnu.build-id)

.debug
 *(.debug)

.line
 *(.line)

.debug_srcinfo
 *(.debug_srcinfo)

.debug_sfnames
 *(.debug_sfnames)

.debug_aranges  0x0000000000000000      0x118
 *(.debug_aranges)
 .debug_aranges
                0x0000000000000000       0x20 obj\Debug\ADC.o
 .debug_aranges
                0x0000000000000020       0x20 obj\Debug\ETC.o
 .debug_aranges
                0x0000000000000040       0x18 obj\Debug\fuse.o
 .debug_aranges
                0x0000000000000058       0x20 obj\Debug\GPIO.o
 .debug_aranges
                0x0000000000000078       0x20 obj\Debug\main.o
 .debug_aranges
                0x0000000000000098       0x20 obj\Debug\PWM.o
 .debug_aranges
                0x00000000000000b8       0x20 c:/avr-gcc-10.1.0-x64-windows/bin/../lib/gcc/avr/10.1.0/avr5\libgcc.a(_exit.o)
 .debug_aranges
                0x00000000000000d8       0x20 c:/avr-gcc-10.1.0-x64-windows/bin/../lib/gcc/avr/10.1.0/avr5\libgcc.a(_copy_data.o)
 .debug_aranges
                0x00000000000000f8       0x20 c:/avr-gcc-10.1.0-x64-windows/bin/../lib/gcc/avr/10.1.0/avr5\libgcc.a(_clear_bss.o)

.debug_pubnames
 *(.debug_pubnames)

.debug_info     0x0000000000000000      0xd8c
 *(.debug_info .gnu.linkonce.wi.*)
 .debug_info    0x0000000000000000      0x5f4 c:/avr-gcc-10.1.0-x64-windows/bin/../lib/gcc/avr/10.1.0/../../../../avr/lib/avr5/crtatmega328.o
 .debug_info    0x00000000000005f4      0x297 obj\Debug\ADC.o
 .debug_info    0x000000000000088b      0x12f obj\Debug\ETC.o
 .debug_info    0x00000000000009ba       0xa5 obj\Debug\fuse.o
 .debug_info    0x0000000000000a5f      0x148 obj\Debug\GPIO.o
 .debug_info    0x0000000000000ba7       0xd3 obj\Debug\main.o
 .debug_info    0x0000000000000c7a       0xa0 obj\Debug\PWM.o
 .debug_info    0x0000000000000d1a       0x26 c:/avr-gcc-10.1.0-x64-windows/bin/../lib/gcc/avr/10.1.0/avr5\libgcc.a(_exit.o)
 .debug_info    0x0000000000000d40       0x26 c:/avr-gcc-10.1.0-x64-windows/bin/../lib/gcc/avr/10.1.0/avr5\libgcc.a(_copy_data.o)
 .debug_info    0x0000000000000d66       0x26 c:/avr-gcc-10.1.0-x64-windows/bin/../lib/gcc/avr/10.1.0/avr5\libgcc.a(_clear_bss.o)

.debug_abbrev   0x0000000000000000      0xa04
 *(.debug_abbrev)
 .debug_abbrev  0x0000000000000000      0x5a2 c:/avr-gcc-10.1.0-x64-windows/bin/../lib/gcc/avr/10.1.0/../../../../avr/lib/avr5/crtatmega328.o
 .debug_abbrev  0x00000000000005a2      0x15f obj\Debug\ADC.o
 .debug_abbrev  0x0000000000000701       0x8d obj\Debug\ETC.o
 .debug_abbrev  0x000000000000078e       0x79 obj\Debug\fuse.o
 .debug_abbrev  0x0000000000000807       0xe1 obj\Debug\GPIO.o
 .debug_abbrev  0x00000000000008e8       0x8f obj\Debug\main.o
 .debug_abbrev  0x0000000000000977       0x51 obj\Debug\PWM.o
 .debug_abbrev  0x00000000000009c8       0x14 c:/avr-gcc-10.1.0-x64-windows/bin/../lib/gcc/avr/10.1.0/avr5\libgcc.a(_exit.o)
 .debug_abbrev  0x00000000000009dc       0x14 c:/avr-gcc-10.1.0-x64-windows/bin/../lib/gcc/avr/10.1.0/avr5\libgcc.a(_copy_data.o)
 .debug_abbrev  0x00000000000009f0       0x14 c:/avr-gcc-10.1.0-x64-windows/bin/../lib/gcc/avr/10.1.0/avr5\libgcc.a(_clear_bss.o)

.debug_line     0x0000000000000000     0x1515
 *(.debug_line .debug_line.* .debug_line_end)
 .debug_line    0x0000000000000000       0x1d c:/avr-gcc-10.1.0-x64-windows/bin/../lib/gcc/avr/10.1.0/../../../../avr/lib/avr5/crtatmega328.o
 .debug_line    0x000000000000001d      0x2e2 obj\Debug\ADC.o
 .debug_line    0x00000000000002ff      0x213 obj\Debug\ETC.o
 .debug_line    0x0000000000000512       0x5f obj\Debug\fuse.o
 .debug_line    0x0000000000000571      0xb87 obj\Debug\GPIO.o
 .debug_line    0x00000000000010f8      0x1cc obj\Debug\main.o
 .debug_line    0x00000000000012c4       0xd4 obj\Debug\PWM.o
 .debug_line    0x0000000000001398       0x61 c:/avr-gcc-10.1.0-x64-windows/bin/../lib/gcc/avr/10.1.0/avr5\libgcc.a(_exit.o)
 .debug_line    0x00000000000013f9       0x97 c:/avr-gcc-10.1.0-x64-windows/bin/../lib/gcc/avr/10.1.0/avr5\libgcc.a(_copy_data.o)
 .debug_line    0x0000000000001490       0x85 c:/avr-gcc-10.1.0-x64-windows/bin/../lib/gcc/avr/10.1.0/avr5\libgcc.a(_clear_bss.o)

.debug_frame    0x0000000000000000      0x29c
 *(.debug_frame)
 .debug_frame   0x0000000000000000       0x94 obj\Debug\ADC.o
 .debug_frame   0x0000000000000094       0xec obj\Debug\ETC.o
 .debug_frame   0x0000000000000180       0x74 obj\Debug\GPIO.o
 .debug_frame   0x00000000000001f4       0x34 obj\Debug\main.o
 .debug_frame   0x0000000000000228       0x74 obj\Debug\PWM.o

.debug_str      0x0000000000000000      0x4f4
 *(.debug_str)
 .debug_str     0x0000000000000000      0x20b c:/avr-gcc-10.1.0-x64-windows/bin/../lib/gcc/avr/10.1.0/../../../../avr/lib/avr5/crtatmega328.o
 .debug_str     0x000000000000020b      0x191 obj\Debug\ADC.o
                                        0x1ca (size before relaxing)
 .debug_str     0x000000000000039c       0x6c obj\Debug\ETC.o
                                        0x192 (size before relaxing)
 .debug_str     0x0000000000000408       0x25 obj\Debug\fuse.o
                                        0x13d (size before relaxing)
 .debug_str     0x000000000000042d       0x36 obj\Debug\GPIO.o
                                        0x15b (size before relaxing)
 .debug_str     0x0000000000000463        0xc obj\Debug\main.o
                                        0x161 (size before relaxing)
 .debug_str     0x000000000000046f       0x26 obj\Debug\PWM.o
                                        0x146 (size before relaxing)
 .debug_str     0x0000000000000495       0x5f c:/avr-gcc-10.1.0-x64-windows/bin/../lib/gcc/avr/10.1.0/avr5\libgcc.a(_exit.o)
 .debug_str     0x00000000000004f4       0x5f c:/avr-gcc-10.1.0-x64-windows/bin/../lib/gcc/avr/10.1.0/avr5\libgcc.a(_copy_data.o)
 .debug_str     0x00000000000004f4       0x5f c:/avr-gcc-10.1.0-x64-windows/bin/../lib/gcc/avr/10.1.0/avr5\libgcc.a(_clear_bss.o)

.debug_loc
 *(.debug_loc)

.debug_macinfo
 *(.debug_macinfo)

.debug_weaknames
 *(.debug_weaknames)

.debug_funcnames
 *(.debug_funcnames)

.debug_typenames
 *(.debug_typenames)

.debug_varnames
 *(.debug_varnames)

.debug_pubtypes
 *(.debug_pubtypes)

.debug_ranges
 *(.debug_ranges)

.debug_macro
 *(.debug_macro)

.debug_addr
 *(.debug_addr)
OUTPUT(bin\Debug\ETC.elf elf32-avr)
LOAD linker stubs

Cross Reference Table

Symbol                                            File
ADC_Read                                          obj\Debug\ADC.o
                                                  obj\Debug\ETC.o
ADC_disable                                       obj\Debug\ADC.o
                                                  obj\Debug\ETC.o
ADC_enable                                        obj\Debug\ADC.o
                                                  obj\Debug\ETC.o
ADC_init                                          obj\Debug\ADC.o
                                                  obj\Debug\ETC.o
ETC_APS1                                          obj\Debug\ETC.o
                                                  obj\Debug\main.o
ETC_APS2                                          obj\Debug\ETC.o
                                                  obj\Debug\main.o
ETC_Limp                                          obj\Debug\ETC.o
                                                  obj\Debug\main.o
ETC_init                                          obj\Debug\ETC.o
                                                  obj\Debug\main.o
ETC_off                                           obj\Debug\ETC.o
                                                  obj\Debug\main.o
FLAG                                              obj\Debug\ETC.o
                                                  obj\Debug\main.o
GPIOConfig                                        obj\Debug\GPIO.o
                                                  obj\Debug\ETC.o
GPIOPinRead                                       obj\Debug\GPIO.o
                                                  obj\Debug\ETC.o
GPIOPinWrite                                      obj\Debug\GPIO.o
                                                  obj\Debug\ETC.o
PWM_disable                                       obj\Debug\PWM.o
                                                  obj\Debug\ETC.o
PWM_enable                                        obj\Debug\PWM.o
                                                  obj\Debug\ETC.o
PWM_init                                          obj\Debug\PWM.o
                                                  obj\Debug\ETC.o
Read_FLAGS                                        obj\Debug\ETC.o
                                                  obj\Debug\main.o
__FUSE_REGION_LENGTH__                            c:/avr-gcc-10.1.0-x64-windows/bin/../lib/gcc/avr/10.1.0/../../../../avr/lib/avr5/crtatmega328.o
__addsf3                                          C:\avr-gcc-10.1.0-x64-windows\avr\lib\libm.a(addsf3.o)
                                                  obj\Debug\ETC.o
__addsf3x                                         C:\avr-gcc-10.1.0-x64-windows\avr\lib\libm.a(addsf3x.o)
                                                  C:\avr-gcc-10.1.0-x64-windows\avr\lib\libm.a(addsf3.o)
__bad_interrupt                                   c:/avr-gcc-10.1.0-x64-windows/bin/../lib/gcc/avr/10.1.0/../../../../avr/lib/avr5/crtatmega328.o
__bss_end                                         c:/avr-gcc-10.1.0-x64-windows/bin/../lib/gcc/avr/10.1.0/avr5\libgcc.a(_clear_bss.o)
__bss_start                                       c:/avr-gcc-10.1.0-x64-windows/bin/../lib/gcc/avr/10.1.0/avr5\libgcc.a(_clear_bss.o)
__cmpsf2                                          C:\avr-gcc-10.1.0-x64-windows\avr\lib\libm.a(cmpsf2.o)
__data_end                                        c:/avr-gcc-10.1.0-x64-windows/bin/../lib/gcc/avr/10.1.0/avr5\libgcc.a(_copy_data.o)
__data_load_start                                 c:/avr-gcc-10.1.0-x64-windows/bin/../lib/gcc/avr/10.1.0/avr5\libgcc.a(_copy_data.o)
__data_start                                      c:/avr-gcc-10.1.0-x64-windows/bin/../lib/gcc/avr/10.1.0/avr5\libgcc.a(_copy_data.o)
__divsf3                                          C:\avr-gcc-10.1.0-x64-windows\avr\lib\libm.a(divsf3.o)
                                                  obj\Debug\ETC.o
                                                  obj\Debug\ADC.o
__divsf3_pse                                      C:\avr-gcc-10.1.0-x64-windows\avr\lib\libm.a(divsf3x.o)
__divsf3x                                         C:\avr-gcc-10.1.0-x64-windows\avr\lib\libm.a(divsf3x.o)
                                                  C:\avr-gcc-10.1.0-x64-windows\avr\lib\libm.a(divsf3.o)
__do_clear_bss                                    c:/avr-gcc-10.1.0-x64-windows/bin/../lib/gcc/avr/10.1.0/avr5\libgcc.a(_clear_bss.o)
                                                  obj\Debug\ETC.o
__do_copy_data                                    c:/avr-gcc-10.1.0-x64-windows/bin/../lib/gcc/avr/10.1.0/avr5\libgcc.a(_copy_data.o)
                                                  obj\Debug\GPIO.o
                                                  obj\Debug\ETC.o
__eqsf2                                           C:\avr-gcc-10.1.0-x64-windows\avr\lib\libm.a(cmpsf2.o)
__fixunssfsi                                      C:\avr-gcc-10.1.0-x64-windows\avr\lib\libm.a(fixunssfsi.o)
                                                  obj\Debug\ETC.o
                                                  obj\Debug\ADC.o
__floatsisf                                       C:\avr-gcc-10.1.0-x64-windows\avr\lib\libm.a(floatsisf.o)
                                                  obj\Debug\ETC.o
__floatunsisf                                     C:\avr-gcc-10.1.0-x64-windows\avr\lib\libm.a(floatsisf.o)
__fp_cmp                                          C:\avr-gcc-10.1.0-x64-windows\avr\lib\libm.a(fp_cmp.o)
                                                  C:\avr-gcc-10.1.0-x64-windows\avr\lib\libm.a(gesf2.o)
                                                  C:\avr-gcc-10.1.0-x64-windows\avr\lib\libm.a(cmpsf2.o)
__fp_inf                                          C:\avr-gcc-10.1.0-x64-windows\avr\lib\libm.a(fp_inf.o)
                                                  C:\avr-gcc-10.1.0-x64-windows\avr\lib\libm.a(mulsf3x.o)
                                                  C:\avr-gcc-10.1.0-x64-windows\avr\lib\libm.a(divsf3x.o)
                                                  C:\avr-gcc-10.1.0-x64-windows\avr\lib\libm.a(addsf3x.o)
__fp_nan                                          C:\avr-gcc-10.1.0-x64-windows\avr\lib\libm.a(fp_nan.o)
                                                  C:\avr-gcc-10.1.0-x64-windows\avr\lib\libm.a(mulsf3x.o)
                                                  C:\avr-gcc-10.1.0-x64-windows\avr\lib\libm.a(divsf3x.o)
                                                  C:\avr-gcc-10.1.0-x64-windows\avr\lib\libm.a(addsf3x.o)
__fp_pscA                                         C:\avr-gcc-10.1.0-x64-windows\avr\lib\libm.a(fp_pscA.o)
                                                  C:\avr-gcc-10.1.0-x64-windows\avr\lib\libm.a(mulsf3x.o)
                                                  C:\avr-gcc-10.1.0-x64-windows\avr\lib\libm.a(divsf3x.o)
                                                  C:\avr-gcc-10.1.0-x64-windows\avr\lib\libm.a(addsf3x.o)
__fp_pscB                                         C:\avr-gcc-10.1.0-x64-windows\avr\lib\libm.a(fp_pscB.o)
                                                  C:\avr-gcc-10.1.0-x64-windows\avr\lib\libm.a(mulsf3x.o)
                                                  C:\avr-gcc-10.1.0-x64-windows\avr\lib\libm.a(divsf3x.o)
                                                  C:\avr-gcc-10.1.0-x64-windows\avr\lib\libm.a(addsf3x.o)
__fp_round                                        C:\avr-gcc-10.1.0-x64-windows\avr\lib\libm.a(fp_round.o)
                                                  C:\avr-gcc-10.1.0-x64-windows\avr\lib\libm.a(mulsf3.o)
                                                  C:\avr-gcc-10.1.0-x64-windows\avr\lib\libm.a(divsf3.o)
                                                  C:\avr-gcc-10.1.0-x64-windows\avr\lib\libm.a(addsf3.o)
__fp_split3                                       C:\avr-gcc-10.1.0-x64-windows\avr\lib\libm.a(fp_split3.o)
                                                  C:\avr-gcc-10.1.0-x64-windows\avr\lib\libm.a(mulsf3x.o)
                                                  C:\avr-gcc-10.1.0-x64-windows\avr\lib\libm.a(divsf3x.o)
                                                  C:\avr-gcc-10.1.0-x64-windows\avr\lib\libm.a(addsf3x.o)
__fp_splitA                                       C:\avr-gcc-10.1.0-x64-windows\avr\lib\libm.a(fp_split3.o)
                                                  C:\avr-gcc-10.1.0-x64-windows\avr\lib\libm.a(fixunssfsi.o)
__fp_szero                                        C:\avr-gcc-10.1.0-x64-windows\avr\lib\libm.a(fp_zero.o)
                                                  C:\avr-gcc-10.1.0-x64-windows\avr\lib\libm.a(mulsf3x.o)
                                                  C:\avr-gcc-10.1.0-x64-windows\avr\lib\libm.a(divsf3x.o)
__fp_zero                                         C:\avr-gcc-10.1.0-x64-windows\avr\lib\libm.a(fp_zero.o)
                                                  C:\avr-gcc-10.1.0-x64-windows\avr\lib\libm.a(fixunssfsi.o)
                                                  C:\avr-gcc-10.1.0-x64-windows\avr\lib\libm.a(addsf3x.o)
__fuse                                            obj\Debug\fuse.o
__gesf2                                           C:\avr-gcc-10.1.0-x64-windows\avr\lib\libm.a(gesf2.o)
__gtsf2                                           C:\avr-gcc-10.1.0-x64-windows\avr\lib\libm.a(gesf2.o)
                                                  obj\Debug\ADC.o
__heap_end                                        c:/avr-gcc-10.1.0-x64-windows/bin/../lib/gcc/avr/10.1.0/../../../../avr/lib/avr5/crtatmega328.o
__init                                            c:/avr-gcc-10.1.0-x64-windows/bin/../lib/gcc/avr/10.1.0/../../../../avr/lib/avr5/crtatmega328.o
__lesf2                                           C:\avr-gcc-10.1.0-x64-windows\avr\lib\libm.a(cmpsf2.o)
__ltsf2                                           C:\avr-gcc-10.1.0-x64-windows\avr\lib\libm.a(cmpsf2.o)
                                                  obj\Debug\ADC.o
__mulsf3                                          C:\avr-gcc-10.1.0-x64-windows\avr\lib\libm.a(mulsf3.o)
                                                  obj\Debug\ADC.o
__mulsf3_pse                                      C:\avr-gcc-10.1.0-x64-windows\avr\lib\libm.a(mulsf3x.o)
__mulsf3x                                         C:\avr-gcc-10.1.0-x64-windows\avr\lib\libm.a(mulsf3x.o)
                                                  C:\avr-gcc-10.1.0-x64-windows\avr\lib\libm.a(mulsf3.o)
__nesf2                                           C:\avr-gcc-10.1.0-x64-windows\avr\lib\libm.a(cmpsf2.o)
__stack                                           c:/avr-gcc-10.1.0-x64-windows/bin/../lib/gcc/avr/10.1.0/../../../../avr/lib/avr5/crtatmega328.o
__subsf3                                          C:\avr-gcc-10.1.0-x64-windows\avr\lib\libm.a(addsf3.o)
__vector_1                                        c:/avr-gcc-10.1.0-x64-windows/bin/../lib/gcc/avr/10.1.0/../../../../avr/lib/avr5/crtatmega328.o
__vector_10                                       c:/avr-gcc-10.1.0-x64-windows/bin/../lib/gcc/avr/10.1.0/../../../../avr/lib/avr5/crtatmega328.o
__vector_11                                       c:/avr-gcc-10.1.0-x64-windows/bin/../lib/gcc/avr/10.1.0/../../../../avr/lib/avr5/crtatmega328.o
__vector_12                                       c:/avr-gcc-10.1.0-x64-windows/bin/../lib/gcc/avr/10.1.0/../../../../avr/lib/avr5/crtatmega328.o
__vector_13                                       c:/avr-gcc-10.1.0-x64-windows/bin/../lib/gcc/avr/10.1.0/../../../../avr/lib/avr5/crtatmega328.o
__vector_14                                       c:/avr-gcc-10.1.0-x64-windows/bin/../lib/gcc/avr/10.1.0/../../../../avr/lib/avr5/crtatmega328.o
__vector_15                                       c:/avr-gcc-10.1.0-x64-windows/bin/../lib/gcc/avr/10.1.0/../../../../avr/lib/avr5/crtatmega328.o
__vector_16                                       c:/avr-gcc-10.1.0-x64-windows/bin/../lib/gcc/avr/10.1.0/../../../../avr/lib/avr5/crtatmega328.o
__vector_17                                       c:/avr-gcc-10.1.0-x64-windows/bin/../lib/gcc/avr/10.1.0/../../../../avr/lib/avr5/crtatmega328.o
__vector_18                                       c:/avr-gcc-10.1.0-x64-windows/bin/../lib/gcc/avr/10.1.0/../../../../avr/lib/avr5/crtatmega328.o
__vector_19                                       c:/avr-gcc-10.1.0-x64-windows/bin/../lib/gcc/avr/10.1.0/../../../../avr/lib/avr5/crtatmega328.o
__vector_2                                        c:/avr-gcc-10.1.0-x64-windows/bin/../lib/gcc/avr/10.1.0/../../../../avr/lib/avr5/crtatmega328.o
__vector_20                                       c:/avr-gcc-10.1.0-x64-windows/bin/../lib/gcc/avr/10.1.0/../../../../avr/lib/avr5/crtatmega328.o
__vector_21                                       c:/avr-gcc-10.1.0-x64-windows/bin/../lib/gcc/avr/10.1.0/../../../../avr/lib/avr5/crtatmega328.o
__vector_22                                       c:/avr-gcc-10.1.0-x64-windows/bin/../lib/gcc/avr/10.1.0/../../../../avr/lib/avr5/crtatmega328.o
__vector_23                                       c:/avr-gcc-10.1.0-x64-windows/bin/../lib/gcc/avr/10.1.0/../../../../avr/lib/avr5/crtatmega328.o
__vector_24                                       c:/avr-gcc-10.1.0-x64-windows/bin/../lib/gcc/avr/10.1.0/../../../../avr/lib/avr5/crtatmega328.o
__vector_25                                       c:/avr-gcc-10.1.0-x64-windows/bin/../lib/gcc/avr/10.1.0/../../../../avr/lib/avr5/crtatmega328.o
__vector_3                                        c:/avr-gcc-10.1.0-x64-windows/bin/../lib/gcc/avr/10.1.0/../../../../avr/lib/avr5/crtatmega328.o
__vector_4                                        c:/avr-gcc-10.1.0-x64-windows/bin/../lib/gcc/avr/10.1.0/../../../../avr/lib/avr5/crtatmega328.o
__vector_5                                        c:/avr-gcc-10.1.0-x64-windows/bin/../lib/gcc/avr/10.1.0/../../../../avr/lib/avr5/crtatmega328.o
__vector_6                                        c:/avr-gcc-10.1.0-x64-windows/bin/../lib/gcc/avr/10.1.0/../../../../avr/lib/avr5/crtatmega328.o
__vector_7                                        c:/avr-gcc-10.1.0-x64-windows/bin/../lib/gcc/avr/10.1.0/../../../../avr/lib/avr5/crtatmega328.o
__vector_8                                        c:/avr-gcc-10.1.0-x64-windows/bin/../lib/gcc/avr/10.1.0/../../../../avr/lib/avr5/crtatmega328.o
__vector_9                                        c:/avr-gcc-10.1.0-x64-windows/bin/../lib/gcc/avr/10.1.0/../../../../avr/lib/avr5/crtatmega328.o
__vector_default                                  c:/avr-gcc-10.1.0-x64-windows/bin/../lib/gcc/avr/10.1.0/../../../../avr/lib/avr5/crtatmega328.o
__vectors                                         c:/avr-gcc-10.1.0-x64-windows/bin/../lib/gcc/avr/10.1.0/../../../../avr/lib/avr5/crtatmega328.o
_exit                                             c:/avr-gcc-10.1.0-x64-windows/bin/../lib/gcc/avr/10.1.0/avr5\libgcc.a(_exit.o)
exit                                              c:/avr-gcc-10.1.0-x64-windows/bin/../lib/gcc/avr/10.1.0/avr5\libgcc.a(_exit.o)
                                                  c:/avr-gcc-10.1.0-x64-windows/bin/../lib/gcc/avr/10.1.0/../../../../avr/lib/avr5/crtatmega328.o
main                                              obj\Debug\main.o
                                                  c:/avr-gcc-10.1.0-x64-windows/bin/../lib/gcc/avr/10.1.0/../../../../avr/lib/avr5/crtatmega328.o
strcmp                                            C:\avr-gcc-10.1.0-x64-windows\avr\lib\libc.a(strcmp.o)
                                                  obj\Debug\GPIO.o
